Arch Linux,ｱﾁｮｰﾘﾅｯｸｽ
ArchLinux,ｱﾁｮｰﾘﾅｯｸｽ
TL,ﾃｨｰｴｩ
VGA,ｳﾞｨｰｼﾞｯｴｰ
apple store,ｱｯﾌﾟﾕｽﾖｱ
blu-ray,ﾌﾞﾕﾚｲｯ
blu-ray,ﾌﾞﾙﾚｲ
bluray,ﾌﾞﾕﾚｲｯ
bluray,ﾌﾞﾙﾚｲ
coffeescript,ｶﾌｪｽｸｲﾌﾟﾖ
covariant,ｺｳﾞｧﾘｱﾝﾖ
dvorak,ﾄﾞｯﾎﾞﾗｯｸ
exploit,ｴｸｽﾌﾟﾖｲﾖ
finite,ﾌｧｲﾅｲﾖ
firefox,ﾌｨﾚﾌｫｯｸｽ
foursquare,ﾋｮｰｽｸｳｪｱ
functor,ﾌｧﾝｸﾄｩｧｰ
gist,ｷﾞｽﾖ
git,ｷﾞｯﾖ
github,ｷﾞｯﾖﾊﾟﾌﾞ
github,ｷﾞｯﾖﾊﾟﾌﾞｯ
gps,ｼﾞｯﾋﾟｰｴｽ
hackason,ﾊｯｶﾖﾝ
hacker,ﾊｶｰ
intuos,ｲﾝﾁｭｵｽ
iphone,ｱｲﾎﾟﾝ
javascript,ｼﾞｬｯｳﾞｧｽｸｲﾌﾟﾖ
kernel,ｶｯﾈﾙ
lenovo,ﾚﾉｳﾞｫ
macbook,ﾏｯｸﾌﾞｯﾖ
makefile,ﾒｯｸﾌｧｲﾕ
marverics,ﾏｳﾞｪﾘｸｽ
paypal,ﾍﾟｲﾊﾟｯﾙ
pc,ﾋﾟｯｼｰ
pro,ﾌﾟﾖ
python,ﾊﾟｲﾁｮﾝ
retina,ﾚﾁﾅ
ssl,ｴｽｴｽｴﾕ
surface,ｻﾌｨｯｽ
thinkpad,ﾁﾝｸﾊﾟｯﾖ
udp,ﾕｯﾃﾞｨｯﾋﾟｯ
ui,ﾕｯｱｲ
usb,ﾕｯｴｽﾋﾞｯ
vim,ｳﾞｨﾑ
vm,ｳﾞｨｰｴﾑ
wikipedia,ｳｨｯｷﾍﾟﾃﾞｨｱ
windows,ｳｨﾝﾖｯｽﾞ
xvideos,ｴｸｽｳﾞｨﾃﾞｵｽﾞ
アイコン,ｱｲﾖﾝ
アイパッドエア,ｱｲﾊﾟｯﾖｴﾔｯ
アイフォン,ｱｲﾎﾟﾝ
アクセラレート,ｱｸｾﾗﾚｯﾖ
アコースティックピアノ,ｱｺｽﾃｨｯｸﾋﾟｱｯ
アップルストア,ｱｯﾌﾟﾕｽﾖｱ
アパート,ｱﾊﾟﾙﾄﾒﾝｯ
アパートメント,ｱﾊﾟﾙﾄﾒﾝｯ
アピール,ｱｯﾋﾟﾙ
アブリルラビーン,ｱﾌﾞﾘﾙﾗﾋﾞﾝ
アルゴリズム,ｱﾙﾖﾘｽﾞﾑ
アン！,ｱﾝｯ！
アーチリナックス,ｱﾁｮｰﾘﾅｯｸｽ
イテレータ,ｲﾃﾚｯﾀ
イメージチェンジ,ｲﾒｯｼﾞﾁｪﾝｯ
イヤホン,ｲﾔﾋｮﾝ
インストゥラメント,ｲﾝｽﾄｩﾔﾒﾝｯ
インストラメント,ｲﾝｽﾄｩﾔﾒﾝｯ
インストール,ｲﾝｽﾖｯﾙ
インストール,ｲﾝﾖｯﾙ
インターセクション,ｲﾝﾀｾｸｼｮﾝ
インターフェース,ｲﾝﾀｯﾌｪｰｽ
インダクションハイポシシス,ｲﾝﾀﾞｯｸｼｮﾝﾊｲﾎﾟｼｼｽ
インチュオス,ｲﾝﾁｭｵｽ
インデックス,ｲﾝﾃﾞｸｽ
イントゥオス,ｲﾝﾁｭｵｽ
イントドダクション,ｲﾝﾄﾖﾀﾞｸｼｫﾝ
イントネーション,ｲﾝﾄﾈｯｼｮﾝ
インピーダンス,ｲﾝﾋﾟﾀﾞﾝｽ
インプリメント,ｲﾝﾌﾟｲﾒﾝｯ
ウィキペディア,ｳｨｯｷﾍﾟﾃﾞｨｱ
ウィンドーズ,ｳｨﾝﾖｯｽﾞ
ウェブ,ｳｪｯﾌﾟ
ウェブページ,ｳｪｯﾌﾟﾍﾟｰｼﾞ
エクストリームプロ,ｴｸｽﾖﾘｰﾑﾌﾟﾖ
エクスプレスカード,ｴｸｽﾌﾟﾔｽｶｰﾖ
エクスプロイト,ｴｸｽﾌﾟﾖｲﾖ
エナゲティック,ｴﾅｹﾞﾁｯｸ
エナジードリンク,ｴﾅﾖｰﾄﾞﾘﾝﾎﾟ
エルゴノミクス,ｴﾙｺﾞﾉﾐｯｸｽ
エロゲ,ｴﾖｹﾞ
エントリーシート,ｴﾝﾖﾘｯｼｰﾖ
オシレータ,ｵｼﾚｯﾀｯ
オナホ,ｵﾅﾋｮ
オペレーティングシステム,ｵﾍﾟﾚｯﾃｨﾝｯｼｽﾃﾑ
オルガン,ｵﾕｶﾞﾝ
オルタネート,ｵﾙﾀﾈｯﾖ
オーバーヒーティング,ｵｯﾊﾞｰﾋｰﾃｨﾝｯ
カップル,ｶﾎﾟｰ
カニクリームコロッケカレー,ｺﾆｸﾘｯﾑｶﾗｯｹｶﾘｰ
カマンベールチーズ,ｶﾏﾝﾍﾞｯﾙﾁｰﾕ
カラーコンタクト,ｶﾗｯｺﾝﾀｸﾖ
カラースキーム,ｶﾗｯｽｷ-ﾑ
カリフォルニア,ｶﾘﾌｫﾕﾆｱ
カリーハワード,ｶﾘｯﾊﾜｰﾖ
カーテン,ｶｯﾃﾝ
カーネル,ｶｯﾈﾙ
カーネルパニック,ｶｯﾈﾙﾊﾟﾆｯｸ
カーネルブイエム,ｶｯﾈﾙｳﾞｨｰｴﾑ
ガーリックバター,ｶﾞﾘｯｸﾊﾞﾀｰ
キリートレモン,ｷﾘｯﾖﾚﾓﾝ
キリートレモンスパークリング,ｷﾘｯﾖﾚﾓﾝｽﾊﾟｯｸﾘﾝｯ
キーボード,ｷｯﾎﾞｰﾖ
ギットハブ,ｷﾞｯﾖﾊﾟﾌﾞ
ギットハブ,ｷﾞｯﾖﾊﾟﾌﾞｯ
クリスマス,ｸﾘｽﾏｯｽ
クリーニング,ｸﾘﾆﾝｯ
クロージャ,ｸﾛｯｼﾞｬ
グラデーション,ｸﾞﾗﾃﾞｯｼｮﾝ
グラノーラ,ｸﾞﾗﾆｮｰﾗ
グローバル,ｸﾞﾛｯﾊﾞﾕ
ケーブル,ｹｯﾌﾞﾕ
コインランドリ,ｺｲﾝﾗﾝﾖﾘ
コネクション,ｺﾈｸﾋｮﾝｯ
コバリアント,ｺｳﾞｧﾘｱﾝﾖ
コミュニケーション,ｺﾐｭﾆｹｯｼｮﾝ
コンディショナー,ｺﾝﾃﾞｨｼｮｯﾅｰ
コンバート,ｺﾝﾊﾞｯﾖ
コンパイル,ｺﾝﾊﾟｲﾕ
コンビニ,ﾋﾞﾆｺﾝ
コンピューティング,ｺﾋﾟｭｰﾃｨﾝｯ
コンピューティング,ｺﾝﾋﾟｭｰﾃｨﾝｯ
コンフュージング,ｺﾝﾌｭｯｼﾞﾝｯ
コーディング,ｺｰﾃﾞｨﾝｯ
コーヒースクリプト,ｶﾌｪｽｸｲﾌﾟﾖ
ゴスロリ,ｺﾞﾁｭﾛﾘｯ
ゴールデンウィーク,ｺﾞﾙﾃﾞﾝｳｨｯｸ
サイニー,ｻｲﾆ
サーフェイス,ｻﾌｨｯｽ
シェルスクリプト,ｼｪﾙｽｸｲﾌﾟﾖ
シミュレーション,ｼﾐｭﾚｯｼｮﾝ
シューリクーム,ｼｭｯｸﾘｯﾑ
ショッピング,ｼｮｯﾋﾟﾝｯ
シングルアサイン,ｼﾝｸﾞﾕｱｻｲﾝｯ
シール,ｼｯﾙ
ジェネレータ,ｼﾞｪﾈﾚｯﾀ
ジャヴァスクリプティング,ｼﾞｬｯｳﾞｧｽｸｲﾌﾟｲﾝﾝｯ
ジャヴァスクリプト,ｼﾞｬｯｳﾞｧｽｸｲﾌﾟﾖ
スキル,ｽｷﾕ
スクリプト,ｽｸｲﾌﾟﾖ
スクリーンネーム,ｽｸﾘｯﾝﾈｯﾑ
スタックオーバーフロー,ｽﾋｬｯｸｯｵｯﾊﾞｰﾌﾖ
スターバックス,ｽﾀｯﾊﾞｯｸｽ
スターバックスコーヒー,ｽﾀｯﾊﾞｯｸｽｶﾌｨｰｯ
ステーキ,ｽﾃｯｷ
ステーション,ｽﾃｯｼｮﾝ
スニペット,ｽﾆﾍﾟｯﾖ
スパークリング,ｽﾊﾟｯｸﾘﾝｯ
スパークリングワイン,ｽﾊﾟｰｸﾘﾝｯﾜｲﾝ
スピリチュアル,ｽﾋﾟﾘﾁｭｱｩ
スペースキー,ｽﾍﾟｯｽｷｰ
スマホ,ｽﾏﾋｮ
スマートフォン,ｽﾏｯﾖﾋｮﾝ
スマートホール,ｽﾏｯﾖﾎｰﾙ
スーツ,ｽｯﾂ
スーツケース,ｽｯﾂｹｰｽ
スーパー,ｽｯﾊﾟｰ
スープカレー,ｽｯﾌﾟｶﾘｰ
セグフォ,ｾｸﾞﾋｮｰﾙﾖ
セマンティクス,ｾﾏﾝﾃｨｯｸｽ
セマンティックス,ｾﾏﾝﾃｨｸﾖ
セルフ,ｾﾕﾌ
ソリューション,ｿﾘｭｯｼｮﾝ
ソースコード,ｿｯｽｺｰﾖ
タイピング,ﾀｲﾋﾟﾝｯ
タッチタイピング,ﾀｯﾁﾀｲﾋﾟﾝｯ
ターミネーター,ﾀｯﾐﾈｯﾀｰ
ダイナミック,ﾀﾞｲﾅﾐｯﾖ
ダイヤグラム,ﾀﾞｲﾔｸﾞﾗﾐｭ
ダブル,ﾀﾞﾌﾞﾕ
ダブルゲット,ﾀﾞﾌﾞﾕｹﾞﾄ
ダブルチーズバーガ,ﾀﾞﾌﾞﾕﾁｯｽﾞﾊﾞｯｶﾞ
ダブルチーズバーガー,ﾀﾞﾌﾞﾕﾁｯｽﾞﾊﾞｯｶﾞｰ
チェックアウト,ﾁｪｯｶｳﾖｯ
チャプター,ﾁｬｯﾌﾟﾀ
チョコレート,ﾁｮｯｺﾚｯﾖ
ツイッタラー,ﾂｲﾀﾗｰ
ツイート,ﾂｲｯﾖ
ティファール,ﾃｨﾌｧｯﾙ
ティーエル,ﾃｨｰｴｩ
テクニカル,ﾃｸﾆｶﾕ
ディスクチェック,ﾃﾞｨｽﾖﾁｪｯｸ
ディスプレイ,ﾃﾞｨｽﾌﾟﾖｲ
ディズニーシー,ﾃﾞｨｽﾞﾆｯｼｰ
ディズニーランド,ﾃﾞｨｽﾞﾆﾗﾝﾄﾞ
デビュー,ﾃﾞﾋﾞｭ
デュアリティ,ﾃﾞｭｱﾘﾃｰ
デュアリティー,ﾃﾞｭｱﾘﾃｰ
データ,ﾃﾞｰﾖ
データベース,ﾃﾞｰﾖﾍﾞｰｽ
デート,ﾃﾞｰﾖ
トイレクイックル,ﾖｲﾚｸｲｯｸﾖ
トマト,ﾄｩﾒｲﾖ
トマト,ﾄﾏﾖ
トランスポーズ,ﾄﾗﾝｽﾎﾟｯｽﾞ
ドボラック,ﾄﾞｯﾎﾞﾗｯｸ
ドリフト,ﾄﾞﾘﾌﾖ
ドローイング,ﾄﾞﾛｰｲﾝｯ
ドローバー,ﾄﾞﾖｯﾊﾞｰ
ドローバー,ﾄﾞﾛｯﾊﾞｰ
ニート,ﾆｰﾖ
ハウスドルフ,ﾊｳｽﾄﾞｩﾙﾌ
ハッカソン,ﾊｯｶﾖﾝ
ハッカー,ﾊｶｰ
ハブ,ﾊﾌﾞ
ハーゲンダッツ,ﾊｯｹﾞﾝﾔｯﾂ
バックアップ,ﾊﾞｯﾖｱｯﾌﾟ
バッテリ,ﾊﾞｯﾖﾘ
パイソン,ﾊﾟｲﾁｮﾝ
パスタ,ﾊﾟﾁｭﾀ
パターン,ﾊﾟｯﾀﾝ
パターン,ﾊﾟﾀｰﾖ
パワー,ﾊﾟﾜｯ
パーカー,ﾊﾟｯｶｰ
パーミッション,ﾊﾟｰﾐｯﾁｮﾝ
パーミッションディナイド,ﾊﾟﾐｯﾁｮﾝﾃﾞｨﾅｲﾄﾞｩ
ヒューストン,ﾋﾟｭｰｽﾖﾝｯ
ビーフジャーキー,ﾋﾞｯﾌｼﾞｬｯｷｰ
ピッキング,ﾋﾟｯｷﾝｯ
ピーシー,ﾋﾟｯｼｰ
ピーラー,ﾋﾟｯﾗｰ
ファイアアラーム,ﾌｧｲｧｱﾗｰﾑ
ファイナイト,ﾌｧｲﾅｲﾖ
ファイル,ﾌｧｲﾕ
ファンクショナルプログラミング,ﾌｧﾝｸｼｮﾅｩﾌﾟﾖｸﾞﾔﾐﾝｯ
ファンクター,ﾌｧﾝｸﾄｩｧｰ
ファーバーカステル,ﾌｧｰﾊﾞｰｶｽﾃﾙ
フィアアフォックス,ﾌｨﾚﾌｫｯｸｼｭ
フィアヤフォックス,ﾌｨﾚﾌｫｯｸｼｭ
フェイスブック,ﾌｪｯｽﾌﾞｯｸ
フォトフレーム,ﾋｮﾖﾌﾚｯﾑ
フォロー,ﾋｮﾛｰ
フォワード,ﾌｫﾜｯﾖ
フォースクウェア,ﾋｮｰｽｸｳｪｱｰ
フォースクエア,ﾋｮｰｽｸｳｪｱｰ
フラクタル,ﾌﾔｸﾀﾕ
フラペチーノ,ﾌｪﾗﾍﾟﾁｰﾉ
フレームポインタ,ﾌﾚｰﾖﾎﾟｲﾝﾀ
ブルガリア,ﾌﾞﾙｶﾞﾘﾔ
ブルーレイ,ﾌﾞﾕﾚｲｯ
ブルーレイ,ﾌﾞﾙﾚｲ
ブロック,ﾌﾞﾖｯｸ
ブロッコリ,ﾌﾞｯｺﾛﾘ
ブロッコリー,ﾌﾞｯｺﾛﾘ
プラグイン,ﾌﾟﾗｷﾞﾝ
プレビュー,ﾌﾟﾚｯﾋﾞｭ
プロ,ﾌﾟﾖ
プロキシ,ﾌﾟﾖｷｼ
プログラミング,ﾌﾟﾖｸﾞﾔﾐﾝｯ
プログレスバー,ﾌﾟﾖｸﾞﾔｽﾊﾞｰ
プロトコル,ﾌﾟﾖﾄｺﾙ
ヘッドエイキング,ﾍｯﾄﾞｴｲｷﾝ
ヘッドエイク,ﾍﾃﾞｨｯｷﾝ
ヘッドドレス,ﾍｯﾖﾄﾞﾚｽ
ヘッドホン,ﾍｯﾖﾋｮﾝ
ペイパル,ﾍﾟｲﾊﾟｯﾙ
ペリーローダン,ﾍﾟﾘｯﾛｯﾀﾞﾝ
ホットカーペット,ﾎｯﾖｶｯﾍﾟｯﾖ
ホットココア,ﾎｯﾖｺｺﾔ
ホテル,ﾎﾃｳ
ホモ,ﾎﾓｫ
ホワイトデー,ﾎﾜｲﾖﾃﾞｨ
ボンバーマン,ﾎﾞﾝﾊﾞｯﾏﾝ
ボーカロイド,ﾎﾞｯｶﾛｲﾖ
ボーナス,ﾎﾞｯﾅｽ
ポアンカレ,ﾎﾟｱﾝｶﾖ
ポテトチップス,ﾎﾟﾃﾄﾁｮｯﾌﾟｽ
ポーズ,ﾎﾟｯｽﾞ
マクドナルド,ﾏｸﾖﾅﾙﾖ
マスターゲイン,ﾏｽﾀｯｹﾞｲﾝ
マックブック,ﾏｯｸﾌﾞｯﾖ
マックブックエアー,ﾏｯｸﾌﾞｯﾖｴﾔｯ
ミステイク,ﾐｽﾃｯｸ
ミュート,ﾐｭｯﾖ
ミーティング,ﾐｯﾃｨﾝｯ
メール,ﾒｯﾙ
ユニフィケーション,ﾕﾆﾌｨｹｼｮﾝ
ヨドバシ,ﾖﾄﾞｩﾊﾞｼ
ヨーグルト,ﾖｰｸﾞﾙｯﾖ
ライティング,ﾗｲﾃｨﾝｯ
ライブラリ,ﾗｲﾌﾞﾔﾘｯ
ラブプラス,ﾗﾌﾞﾌﾟﾔｽ
ラーメン,ﾗﾒｪﾝ
リア充,ﾘｱｯｼﾞｭ
リサイクルショップ,ﾘｻｲｸﾕﾁｮｯﾌﾞ
リツイート,ﾘﾂｲｯﾖ
リツイート,ﾘﾄｩｲｯﾖ
リバース,ﾘｳﾞｧｰｽ
リバーズエンド,ﾘﾊﾞｯｽﾞｴﾝﾖ
リピート,ﾘﾋﾟｯﾖ
リフィル,ﾘﾌｨﾕ
リフィール,ﾘﾌｨﾕ
リブート,ﾘﾌﾞｯﾖ
リベース,ﾘﾍﾞｯｽ
リボーク,ﾘﾎﾞｯｸ
リモート,ﾘﾓｯﾖ
リレーション,ﾘﾚｯｼｮﾝ
リーズナブル,ﾘｰｽﾞﾅﾌﾞｩ
ルベーグ,ﾙﾍﾞｸﾞ
ルーティング,ﾙｰﾃｨﾝｯ
レスリースピーカ,ﾚｽﾘｯｽﾋﾟｯｶ
レスリースピーカー,ﾚｽﾘｯｽﾋﾟｯｶ
レティナ,ﾚﾁﾅ
レノボ,ﾚﾉｳﾞｫ
ロックスター,ﾛｯﾌﾟｽﾔｰ
ロックスターエナジードリンク,ﾛｯﾌﾟｽﾔｰｴﾅﾖｰﾄﾞﾘﾝﾎﾟ
ヴォルケーノ,ｳﾞｫﾙｹｯﾉ
